// Jest Snapshot v1, https://goo.gl/fbAQLP

exports[`HeatmapChart renders the component 1`] = `
<DocumentFragment>
  <svg
    xmlns="http://www.w3.org/2000/svg"
  >
    <g
      transform="translate(35, 5)"
    >
      <g
        transform="translate(0, 475)"
      >
        <g
          fill="none"
          font-family="sans-serif"
          font-size="10"
          text-anchor="middle"
        >
          <g
            class="tick"
            opacity="1"
            transform="translate(71.5,0)"
          >
            <text
              dy="0.71em"
              fill="currentColor"
              y="9"
            >
              05/20
            </text>
          </g>
          <g
            class="tick"
            opacity="1"
            transform="translate(208.5,0)"
          >
            <text
              dy="0.71em"
              fill="currentColor"
              y="9"
            >
              05/21
            </text>
          </g>
          <g
            class="tick"
            opacity="1"
            transform="translate(345.5,0)"
          >
            <text
              dy="0.71em"
              fill="currentColor"
              y="9"
            >
              05/22
            </text>
          </g>
          <g
            class="tick"
            opacity="1"
            transform="translate(482.5,0)"
          >
            <text
              dy="0.71em"
              fill="currentColor"
              y="9"
            >
              05/23
            </text>
          </g>
          <g
            class="tick"
            opacity="1"
            transform="translate(619.5,0)"
          >
            <text
              dy="0.71em"
              fill="currentColor"
              y="9"
            >
              05/24
            </text>
          </g>
          <g
            class="tick"
            opacity="1"
            transform="translate(756.5,0)"
          >
            <text
              dy="0.71em"
              fill="currentColor"
              y="9"
            >
              05/25
            </text>
          </g>
          <g
            class="tick"
            opacity="1"
            transform="translate(893.5,0)"
          >
            <text
              dy="0.71em"
              fill="currentColor"
              y="9"
            >
              05/26
            </text>
          </g>
        </g>
      </g>
      <g
        fill="none"
        font-family="sans-serif"
        font-size="10"
        text-anchor="end"
      >
        <g
          class="tick"
          opacity="1"
          transform="translate(0,0.5)"
        >
          <text
            dy="0.32em"
            fill="currentColor"
            x="-9"
          >
            00:00
          </text>
        </g>
        <g
          class="tick"
          opacity="1"
          transform="translate(0,20.5)"
        >
          <text
            dy="0.32em"
            fill="currentColor"
            x="-9"
          >
            01:00
          </text>
        </g>
        <g
          class="tick"
          opacity="1"
          transform="translate(0,40.5)"
        >
          <text
            dy="0.32em"
            fill="currentColor"
            x="-9"
          >
            02:00
          </text>
        </g>
        <g
          class="tick"
          opacity="1"
          transform="translate(0,59.5)"
        >
          <text
            dy="0.32em"
            fill="currentColor"
            x="-9"
          >
            03:00
          </text>
        </g>
        <g
          class="tick"
          opacity="1"
          transform="translate(0,79.5)"
        >
          <text
            dy="0.32em"
            fill="currentColor"
            x="-9"
          >
            04:00
          </text>
        </g>
        <g
          class="tick"
          opacity="1"
          transform="translate(0,99.5)"
        >
          <text
            dy="0.32em"
            fill="currentColor"
            x="-9"
          >
            05:00
          </text>
        </g>
        <g
          class="tick"
          opacity="1"
          transform="translate(0,119.5)"
        >
          <text
            dy="0.32em"
            fill="currentColor"
            x="-9"
          >
            06:00
          </text>
        </g>
        <g
          class="tick"
          opacity="1"
          transform="translate(0,139.5)"
        >
          <text
            dy="0.32em"
            fill="currentColor"
            x="-9"
          >
            07:00
          </text>
        </g>
        <g
          class="tick"
          opacity="1"
          transform="translate(0,158.5)"
        >
          <text
            dy="0.32em"
            fill="currentColor"
            x="-9"
          >
            08:00
          </text>
        </g>
        <g
          class="tick"
          opacity="1"
          transform="translate(0,178.5)"
        >
          <text
            dy="0.32em"
            fill="currentColor"
            x="-9"
          >
            09:00
          </text>
        </g>
        <g
          class="tick"
          opacity="1"
          transform="translate(0,198.5)"
        >
          <text
            dy="0.32em"
            fill="currentColor"
            x="-9"
          >
            10:00
          </text>
        </g>
        <g
          class="tick"
          opacity="1"
          transform="translate(0,218.5)"
        >
          <text
            dy="0.32em"
            fill="currentColor"
            x="-9"
          >
            11:00
          </text>
        </g>
        <g
          class="tick"
          opacity="1"
          transform="translate(0,238.5)"
        >
          <text
            dy="0.32em"
            fill="currentColor"
            x="-9"
          >
            12:00
          </text>
        </g>
        <g
          class="tick"
          opacity="1"
          transform="translate(0,257.5)"
        >
          <text
            dy="0.32em"
            fill="currentColor"
            x="-9"
          >
            13:00
          </text>
        </g>
        <g
          class="tick"
          opacity="1"
          transform="translate(0,277.5)"
        >
          <text
            dy="0.32em"
            fill="currentColor"
            x="-9"
          >
            14:00
          </text>
        </g>
        <g
          class="tick"
          opacity="1"
          transform="translate(0,297.5)"
        >
          <text
            dy="0.32em"
            fill="currentColor"
            x="-9"
          >
            15:00
          </text>
        </g>
        <g
          class="tick"
          opacity="1"
          transform="translate(0,317.5)"
        >
          <text
            dy="0.32em"
            fill="currentColor"
            x="-9"
          >
            16:00
          </text>
        </g>
        <g
          class="tick"
          opacity="1"
          transform="translate(0,336.5)"
        >
          <text
            dy="0.32em"
            fill="currentColor"
            x="-9"
          >
            17:00
          </text>
        </g>
        <g
          class="tick"
          opacity="1"
          transform="translate(0,356.5)"
        >
          <text
            dy="0.32em"
            fill="currentColor"
            x="-9"
          >
            18:00
          </text>
        </g>
        <g
          class="tick"
          opacity="1"
          transform="translate(0,376.5)"
        >
          <text
            dy="0.32em"
            fill="currentColor"
            x="-9"
          >
            19:00
          </text>
        </g>
        <g
          class="tick"
          opacity="1"
          transform="translate(0,396.5)"
        >
          <text
            dy="0.32em"
            fill="currentColor"
            x="-9"
          >
            20:00
          </text>
        </g>
        <g
          class="tick"
          opacity="1"
          transform="translate(0,416.5)"
        >
          <text
            dy="0.32em"
            fill="currentColor"
            x="-9"
          >
            21:00
          </text>
        </g>
        <g
          class="tick"
          opacity="1"
          transform="translate(0,435.5)"
        >
          <text
            dy="0.32em"
            fill="currentColor"
            x="-9"
          >
            22:00
          </text>
        </g>
        <g
          class="tick"
          opacity="1"
          transform="translate(0,455.5)"
        >
          <text
            dy="0.32em"
            fill="currentColor"
            x="-9"
          >
            23:00
          </text>
        </g>
      </g>
      <g>
        <rect
          fill="rgb(94, 79, 162)"
          height="20"
          width="138"
          x="0"
          y="0"
        />
        <rect
          fill="rgb(94, 79, 162)"
          height="20"
          width="138"
          x="0"
          y="20"
        />
        <rect
          fill="rgb(94, 79, 162)"
          height="20"
          width="138"
          x="0"
          y="40"
        />
        <rect
          fill="rgb(94, 79, 162)"
          height="20"
          width="138"
          x="0"
          y="60"
        />
        <rect
          fill="rgb(94, 79, 162)"
          height="20"
          width="138"
          x="0"
          y="80"
        />
        <rect
          fill="rgb(94, 79, 162)"
          height="20"
          width="138"
          x="0"
          y="99"
        />
        <rect
          fill="rgb(94, 79, 162)"
          height="20"
          width="138"
          x="0"
          y="119"
        />
        <rect
          fill="rgb(94, 79, 162)"
          height="20"
          width="138"
          x="0"
          y="139"
        />
        <rect
          fill="rgb(94, 79, 162)"
          height="20"
          width="138"
          x="0"
          y="159"
        />
        <rect
          fill="rgb(94, 79, 162)"
          height="20"
          width="138"
          x="0"
          y="179"
        />
        <rect
          fill="rgb(94, 79, 162)"
          height="20"
          width="138"
          x="0"
          y="198"
        />
        <rect
          fill="rgb(94, 79, 162)"
          height="20"
          width="138"
          x="0"
          y="218"
        />
        <rect
          fill="rgb(94, 79, 162)"
          height="20"
          width="138"
          x="0"
          y="238"
        />
        <rect
          fill="rgb(94, 79, 162)"
          height="20"
          width="138"
          x="0"
          y="258"
        />
        <rect
          fill="rgb(94, 79, 162)"
          height="20"
          width="138"
          x="0"
          y="278"
        />
        <rect
          fill="rgb(94, 79, 162)"
          height="20"
          width="138"
          x="0"
          y="297"
        />
        <rect
          fill="rgb(94, 79, 162)"
          height="20"
          width="138"
          x="0"
          y="317"
        />
        <rect
          fill="rgb(94, 79, 162)"
          height="20"
          width="138"
          x="0"
          y="337"
        />
        <rect
          fill="rgb(94, 79, 162)"
          height="20"
          width="138"
          x="0"
          y="357"
        />
        <rect
          fill="rgb(94, 79, 162)"
          height="20"
          width="138"
          x="0"
          y="377"
        />
        <rect
          fill="rgb(94, 79, 162)"
          height="20"
          width="138"
          x="0"
          y="396"
        />
        <rect
          fill="rgb(94, 79, 162)"
          height="20"
          width="138"
          x="0"
          y="416"
        />
        <rect
          fill="rgb(94, 79, 162)"
          height="20"
          width="138"
          x="0"
          y="436"
        />
        <rect
          fill="rgb(94, 79, 162)"
          height="20"
          width="138"
          x="0"
          y="456"
        />
        <rect
          fill="rgb(94, 79, 162)"
          height="20"
          width="138"
          x="137.85714285714286"
          y="0"
        />
        <rect
          fill="rgb(91, 82, 164)"
          height="20"
          width="138"
          x="137.85714285714286"
          y="20"
        />
        <rect
          fill="rgb(89, 86, 165)"
          height="20"
          width="138"
          x="137.85714285714286"
          y="40"
        />
        <rect
          fill="rgb(86, 89, 167)"
          height="20"
          width="138"
          x="137.85714285714286"
          y="60"
        />
        <rect
          fill="rgb(84, 93, 168)"
          height="20"
          width="138"
          x="137.85714285714286"
          y="80"
        />
        <rect
          fill="rgb(81, 96, 170)"
          height="20"
          width="138"
          x="137.85714285714286"
          y="99"
        />
        <rect
          fill="rgb(79, 99, 171)"
          height="20"
          width="138"
          x="137.85714285714286"
          y="119"
        />
        <rect
          fill="rgb(77, 103, 173)"
          height="20"
          width="138"
          x="137.85714285714286"
          y="139"
        />
        <rect
          fill="rgb(75, 106, 174)"
          height="20"
          width="138"
          x="137.85714285714286"
          y="159"
        />
        <rect
          fill="rgb(73, 110, 175)"
          height="20"
          width="138"
          x="137.85714285714286"
          y="179"
        />
        <rect
          fill="rgb(71, 113, 176)"
          height="20"
          width="138"
          x="137.85714285714286"
          y="198"
        />
        <rect
          fill="rgb(70, 116, 177)"
          height="20"
          width="138"
          x="137.85714285714286"
          y="218"
        />
        <rect
          fill="rgb(68, 120, 178)"
          height="20"
          width="138"
          x="137.85714285714286"
          y="238"
        />
        <rect
          fill="rgb(67, 123, 179)"
          height="20"
          width="138"
          x="137.85714285714286"
          y="258"
        />
        <rect
          fill="rgb(67, 127, 180)"
          height="20"
          width="138"
          x="137.85714285714286"
          y="278"
        />
        <rect
          fill="rgb(66, 130, 180)"
          height="20"
          width="138"
          x="137.85714285714286"
          y="297"
        />
        <rect
          fill="rgb(66, 133, 180)"
          height="20"
          width="138"
          x="137.85714285714286"
          y="317"
        />
        <rect
          fill="rgb(66, 137, 181)"
          height="20"
          width="138"
          x="137.85714285714286"
          y="337"
        />
        <rect
          fill="rgb(67, 140, 180)"
          height="20"
          width="138"
          x="137.85714285714286"
          y="357"
        />
        <rect
          fill="rgb(67, 144, 180)"
          height="20"
          width="138"
          x="137.85714285714286"
          y="377"
        />
        <rect
          fill="rgb(68, 147, 180)"
          height="20"
          width="138"
          x="137.85714285714286"
          y="396"
        />
        <rect
          fill="rgb(70, 150, 179)"
          height="20"
          width="138"
          x="137.85714285714286"
          y="416"
        />
        <rect
          fill="rgb(71, 154, 179)"
          height="20"
          width="138"
          x="137.85714285714286"
          y="436"
        />
        <rect
          fill="rgb(73, 157, 178)"
          height="20"
          width="138"
          x="137.85714285714286"
          y="456"
        />
        <rect
          fill="rgb(94, 79, 162)"
          height="20"
          width="138"
          x="275.7142857142857"
          y="0"
        />
        <rect
          fill="rgb(89, 86, 165)"
          height="20"
          width="138"
          x="275.7142857142857"
          y="20"
        />
        <rect
          fill="rgb(84, 93, 168)"
          height="20"
          width="138"
          x="275.7142857142857"
          y="40"
        />
        <rect
          fill="rgb(79, 99, 171)"
          height="20"
          width="138"
          x="275.7142857142857"
          y="60"
        />
        <rect
          fill="rgb(75, 106, 174)"
          height="20"
          width="138"
          x="275.7142857142857"
          y="80"
        />
        <rect
          fill="rgb(71, 113, 176)"
          height="20"
          width="138"
          x="275.7142857142857"
          y="99"
        />
        <rect
          fill="rgb(68, 120, 178)"
          height="20"
          width="138"
          x="275.7142857142857"
          y="119"
        />
        <rect
          fill="rgb(67, 127, 180)"
          height="20"
          width="138"
          x="275.7142857142857"
          y="139"
        />
        <rect
          fill="rgb(66, 133, 180)"
          height="20"
          width="138"
          x="275.7142857142857"
          y="159"
        />
        <rect
          fill="rgb(67, 140, 180)"
          height="20"
          width="138"
          x="275.7142857142857"
          y="179"
        />
        <rect
          fill="rgb(68, 147, 180)"
          height="20"
          width="138"
          x="275.7142857142857"
          y="198"
        />
        <rect
          fill="rgb(71, 154, 179)"
          height="20"
          width="138"
          x="275.7142857142857"
          y="218"
        />
        <rect
          fill="rgb(75, 160, 177)"
          height="20"
          width="138"
          x="275.7142857142857"
          y="238"
        />
        <rect
          fill="rgb(80, 167, 176)"
          height="20"
          width="138"
          x="275.7142857142857"
          y="258"
        />
        <rect
          fill="rgb(86, 173, 174)"
          height="20"
          width="138"
          x="275.7142857142857"
          y="278"
        />
        <rect
          fill="rgb(92, 179, 172)"
          height="20"
          width="138"
          x="275.7142857142857"
          y="297"
        />
        <rect
          fill="rgb(99, 185, 170)"
          height="20"
          width="138"
          x="275.7142857142857"
          y="317"
        />
        <rect
          fill="rgb(106, 190, 169)"
          height="20"
          width="138"
          x="275.7142857142857"
          y="337"
        />
        <rect
          fill="rgb(114, 195, 167)"
          height="20"
          width="138"
          x="275.7142857142857"
          y="357"
        />
        <rect
          fill="rgb(121, 199, 166)"
          height="20"
          width="138"
          x="275.7142857142857"
          y="377"
        />
        <rect
          fill="rgb(129, 203, 165)"
          height="20"
          width="138"
          x="275.7142857142857"
          y="396"
        />
        <rect
          fill="rgb(137, 207, 165)"
          height="20"
          width="138"
          x="275.7142857142857"
          y="416"
        />
        <rect
          fill="rgb(144, 210, 164)"
          height="20"
          width="138"
          x="275.7142857142857"
          y="436"
        />
        <rect
          fill="rgb(152, 214, 164)"
          height="20"
          width="138"
          x="275.7142857142857"
          y="456"
        />
        <rect
          fill="rgb(94, 79, 162)"
          height="20"
          width="138"
          x="413.57142857142856"
          y="0"
        />
        <rect
          fill="rgb(86, 89, 167)"
          height="20"
          width="138"
          x="413.57142857142856"
          y="20"
        />
        <rect
          fill="rgb(79, 99, 171)"
          height="20"
          width="138"
          x="413.57142857142856"
          y="40"
        />
        <rect
          fill="rgb(73, 110, 175)"
          height="20"
          width="138"
          x="413.57142857142856"
          y="60"
        />
        <rect
          fill="rgb(68, 120, 178)"
          height="20"
          width="138"
          x="413.57142857142856"
          y="80"
        />
        <rect
          fill="rgb(66, 130, 180)"
          height="20"
          width="138"
          x="413.57142857142856"
          y="99"
        />
        <rect
          fill="rgb(67, 140, 180)"
          height="20"
          width="138"
          x="413.57142857142856"
          y="119"
        />
        <rect
          fill="rgb(70, 150, 179)"
          height="20"
          width="138"
          x="413.57142857142856"
          y="139"
        />
        <rect
          fill="rgb(75, 160, 177)"
          height="20"
          width="138"
          x="413.57142857142856"
          y="159"
        />
        <rect
          fill="rgb(83, 170, 175)"
          height="20"
          width="138"
          x="413.57142857142856"
          y="179"
        />
        <rect
          fill="rgb(92, 179, 172)"
          height="20"
          width="138"
          x="413.57142857142856"
          y="198"
        />
        <rect
          fill="rgb(103, 187, 169)"
          height="20"
          width="138"
          x="413.57142857142856"
          y="218"
        />
        <rect
          fill="rgb(114, 195, 167)"
          height="20"
          width="138"
          x="413.57142857142856"
          y="238"
        />
        <rect
          fill="rgb(125, 201, 166)"
          height="20"
          width="138"
          x="413.57142857142856"
          y="258"
        />
        <rect
          fill="rgb(137, 207, 165)"
          height="20"
          width="138"
          x="413.57142857142856"
          y="278"
        />
        <rect
          fill="rgb(148, 212, 164)"
          height="20"
          width="138"
          x="413.57142857142856"
          y="297"
        />
        <rect
          fill="rgb(160, 217, 163)"
          height="20"
          width="138"
          x="413.57142857142856"
          y="317"
        />
        <rect
          fill="rgb(172, 221, 162)"
          height="20"
          width="138"
          x="413.57142857142856"
          y="337"
        />
        <rect
          fill="rgb(183, 226, 161)"
          height="20"
          width="138"
          x="413.57142857142856"
          y="357"
        />
        <rect
          fill="rgb(193, 230, 159)"
          height="20"
          width="138"
          x="413.57142857142856"
          y="377"
        />
        <rect
          fill="rgb(204, 234, 159)"
          height="20"
          width="138"
          x="413.57142857142856"
          y="396"
        />
        <rect
          fill="rgb(213, 238, 159)"
          height="20"
          width="138"
          x="413.57142857142856"
          y="416"
        />
        <rect
          fill="rgb(221, 241, 160)"
          height="20"
          width="138"
          x="413.57142857142856"
          y="436"
        />
        <rect
          fill="rgb(229, 244, 162)"
          height="20"
          width="138"
          x="413.57142857142856"
          y="456"
        />
        <rect
          fill="rgb(94, 79, 162)"
          height="20"
          width="138"
          x="551.4285714285714"
          y="0"
        />
        <rect
          fill="rgb(84, 93, 168)"
          height="20"
          width="138"
          x="551.4285714285714"
          y="20"
        />
        <rect
          fill="rgb(75, 106, 174)"
          height="20"
          width="138"
          x="551.4285714285714"
          y="40"
        />
        <rect
          fill="rgb(68, 120, 178)"
          height="20"
          width="138"
          x="551.4285714285714"
          y="60"
        />
        <rect
          fill="rgb(66, 133, 180)"
          height="20"
          width="138"
          x="551.4285714285714"
          y="80"
        />
        <rect
          fill="rgb(68, 147, 180)"
          height="20"
          width="138"
          x="551.4285714285714"
          y="99"
        />
        <rect
          fill="rgb(75, 160, 177)"
          height="20"
          width="138"
          x="551.4285714285714"
          y="119"
        />
        <rect
          fill="rgb(86, 173, 174)"
          height="20"
          width="138"
          x="551.4285714285714"
          y="139"
        />
        <rect
          fill="rgb(99, 185, 170)"
          height="20"
          width="138"
          x="551.4285714285714"
          y="159"
        />
        <rect
          fill="rgb(114, 195, 167)"
          height="20"
          width="138"
          x="551.4285714285714"
          y="179"
        />
        <rect
          fill="rgb(129, 203, 165)"
          height="20"
          width="138"
          x="551.4285714285714"
          y="198"
        />
        <rect
          fill="rgb(144, 210, 164)"
          height="20"
          width="138"
          x="551.4285714285714"
          y="218"
        />
        <rect
          fill="rgb(160, 217, 163)"
          height="20"
          width="138"
          x="551.4285714285714"
          y="238"
        />
        <rect
          fill="rgb(175, 223, 162)"
          height="20"
          width="138"
          x="551.4285714285714"
          y="258"
        />
        <rect
          fill="rgb(190, 229, 160)"
          height="20"
          width="138"
          x="551.4285714285714"
          y="278"
        />
        <rect
          fill="rgb(204, 234, 159)"
          height="20"
          width="138"
          x="551.4285714285714"
          y="297"
        />
        <rect
          fill="rgb(216, 239, 159)"
          height="20"
          width="138"
          x="551.4285714285714"
          y="317"
        />
        <rect
          fill="rgb(226, 243, 161)"
          height="20"
          width="138"
          x="551.4285714285714"
          y="337"
        />
        <rect
          fill="rgb(235, 247, 166)"
          height="20"
          width="138"
          x="551.4285714285714"
          y="357"
        />
        <rect
          fill="rgb(242, 249, 171)"
          height="20"
          width="138"
          x="551.4285714285714"
          y="377"
        />
        <rect
          fill="rgb(247, 250, 175)"
          height="20"
          width="138"
          x="551.4285714285714"
          y="396"
        />
        <rect
          fill="rgb(251, 248, 176)"
          height="20"
          width="138"
          x="551.4285714285714"
          y="416"
        />
        <rect
          fill="rgb(253, 245, 172)"
          height="20"
          width="138"
          x="551.4285714285714"
          y="436"
        />
        <rect
          fill="rgb(254, 239, 164)"
          height="20"
          width="138"
          x="551.4285714285714"
          y="456"
        />
        <rect
          fill="rgb(94, 79, 162)"
          height="20"
          width="138"
          x="689.2857142857143"
          y="0"
        />
        <rect
          fill="rgb(81, 96, 170)"
          height="20"
          width="138"
          x="689.2857142857143"
          y="20"
        />
        <rect
          fill="rgb(71, 113, 176)"
          height="20"
          width="138"
          x="689.2857142857143"
          y="40"
        />
        <rect
          fill="rgb(66, 130, 180)"
          height="20"
          width="138"
          x="689.2857142857143"
          y="60"
        />
        <rect
          fill="rgb(68, 147, 180)"
          height="20"
          width="138"
          x="689.2857142857143"
          y="80"
        />
        <rect
          fill="rgb(78, 164, 177)"
          height="20"
          width="138"
          x="689.2857142857143"
          y="99"
        />
        <rect
          fill="rgb(92, 179, 172)"
          height="20"
          width="138"
          x="689.2857142857143"
          y="119"
        />
        <rect
          fill="rgb(110, 192, 168)"
          height="20"
          width="138"
          x="689.2857142857143"
          y="139"
        />
        <rect
          fill="rgb(129, 203, 165)"
          height="20"
          width="138"
          x="689.2857142857143"
          y="159"
        />
        <rect
          fill="rgb(148, 212, 164)"
          height="20"
          width="138"
          x="689.2857142857143"
          y="179"
        />
        <rect
          fill="rgb(168, 220, 162)"
          height="20"
          width="138"
          x="689.2857142857143"
          y="198"
        />
        <rect
          fill="rgb(186, 227, 160)"
          height="20"
          width="138"
          x="689.2857142857143"
          y="218"
        />
        <rect
          fill="rgb(204, 234, 159)"
          height="20"
          width="138"
          x="689.2857142857143"
          y="238"
        />
        <rect
          fill="rgb(219, 240, 159)"
          height="20"
          width="138"
          x="689.2857142857143"
          y="258"
        />
        <rect
          fill="rgb(231, 245, 163)"
          height="20"
          width="138"
          x="689.2857142857143"
          y="278"
        />
        <rect
          fill="rgb(240, 249, 170)"
          height="20"
          width="138"
          x="689.2857142857143"
          y="297"
        />
        <rect
          fill="rgb(247, 250, 175)"
          height="20"
          width="138"
          x="689.2857142857143"
          y="317"
        />
        <rect
          fill="rgb(251, 247, 175)"
          height="20"
          width="138"
          x="689.2857142857143"
          y="337"
        />
        <rect
          fill="rgb(253, 242, 168)"
          height="20"
          width="138"
          x="689.2857142857143"
          y="357"
        />
        <rect
          fill="rgb(254, 234, 157)"
          height="20"
          width="138"
          x="689.2857142857143"
          y="377"
        />
        <rect
          fill="rgb(254, 223, 143)"
          height="20"
          width="138"
          x="689.2857142857143"
          y="396"
        />
        <rect
          fill="rgb(254, 210, 129)"
          height="20"
          width="138"
          x="689.2857142857143"
          y="416"
        />
        <rect
          fill="rgb(253, 196, 116)"
          height="20"
          width="138"
          x="689.2857142857143"
          y="436"
        />
        <rect
          fill="rgb(252, 180, 105)"
          height="20"
          width="138"
          x="689.2857142857143"
          y="456"
        />
        <rect
          fill="rgb(94, 79, 162)"
          height="20"
          width="138"
          x="827.1428571428571"
          y="0"
        />
        <rect
          fill="rgb(79, 99, 171)"
          height="20"
          width="138"
          x="827.1428571428571"
          y="20"
        />
        <rect
          fill="rgb(68, 120, 178)"
          height="20"
          width="138"
          x="827.1428571428571"
          y="40"
        />
        <rect
          fill="rgb(67, 140, 180)"
          height="20"
          width="138"
          x="827.1428571428571"
          y="60"
        />
        <rect
          fill="rgb(75, 160, 177)"
          height="20"
          width="138"
          x="827.1428571428571"
          y="80"
        />
        <rect
          fill="rgb(92, 179, 172)"
          height="20"
          width="138"
          x="827.1428571428571"
          y="99"
        />
        <rect
          fill="rgb(114, 195, 167)"
          height="20"
          width="138"
          x="827.1428571428571"
          y="119"
        />
        <rect
          fill="rgb(137, 207, 165)"
          height="20"
          width="138"
          x="827.1428571428571"
          y="139"
        />
        <rect
          fill="rgb(160, 217, 163)"
          height="20"
          width="138"
          x="827.1428571428571"
          y="159"
        />
        <rect
          fill="rgb(183, 226, 161)"
          height="20"
          width="138"
          x="827.1428571428571"
          y="179"
        />
        <rect
          fill="rgb(204, 234, 159)"
          height="20"
          width="138"
          x="827.1428571428571"
          y="198"
        />
        <rect
          fill="rgb(221, 241, 160)"
          height="20"
          width="138"
          x="827.1428571428571"
          y="218"
        />
        <rect
          fill="rgb(235, 247, 166)"
          height="20"
          width="138"
          x="827.1428571428571"
          y="238"
        />
        <rect
          fill="rgb(245, 250, 173)"
          height="20"
          width="138"
          x="827.1428571428571"
          y="258"
        />
        <rect
          fill="rgb(251, 248, 176)"
          height="20"
          width="138"
          x="827.1428571428571"
          y="278"
        />
        <rect
          fill="rgb(253, 242, 168)"
          height="20"
          width="138"
          x="827.1428571428571"
          y="297"
        />
        <rect
          fill="rgb(254, 232, 154)"
          height="20"
          width="138"
          x="827.1428571428571"
          y="317"
        />
        <rect
          fill="rgb(254, 218, 137)"
          height="20"
          width="138"
          x="827.1428571428571"
          y="337"
        />
        <rect
          fill="rgb(253, 202, 121)"
          height="20"
          width="138"
          x="827.1428571428571"
          y="357"
        />
        <rect
          fill="rgb(253, 183, 107)"
          height="20"
          width="138"
          x="827.1428571428571"
          y="377"
        />
        <rect
          fill="rgb(251, 163, 94)"
          height="20"
          width="138"
          x="827.1428571428571"
          y="396"
        />
        <rect
          fill="rgb(248, 142, 83)"
          height="20"
          width="138"
          x="827.1428571428571"
          y="416"
        />
        <rect
          fill="rgb(243, 120, 76)"
          height="20"
          width="138"
          x="827.1428571428571"
          y="436"
        />
        <rect
          fill="rgb(236, 100, 73)"
          height="20"
          width="138"
          x="827.1428571428571"
          y="456"
        />
      </g>
    </g>
  </svg>
</DocumentFragment>
`;
